LINE ADDR CONTENTS SOURCE LINE
  1.              	.EQU @, $04F
  2.  04F 000000  LARGEST: 	.WORD 0
  3.              	
  4.              	.EQU @, $04E
  5.  04E 000000  SMALLEST: 	.WORD 0
  6.              
  7.              	.EQU @, 000
  8.  000 010001  	LDX# 001
  9.  001 004050  BEGIN:	LDA+ $050
 10.  002 20204F  	CMA LARGEST
 11.  003 4D2014  	JGT STORELARGEST
 12.  004 20204E  COMPSMALLEST:	CMA SMALLEST
 13.  005 4A201E  	JLT STORESMALLEST	
 14.  006 110001  TOINDEXCHECK:	ADX# 001
 15.  007 212050  	CMX $050
 16.  008 4C2001  	JLE BEGIN
 17.  009 4D200A  	JGT END ;CHECK EQUAL TO CASE AND WHAT TO DO ABT THAT
 18.              
 19.  00A FFFFFF  END:	HLT
 20.              
 21.              	.EQU @,020
 22.  014 04204F  STORELARGEST:	STA LARGEST; MAKE SURE NO OVERWRITES
 23.  015 402004  	JMP COMPSMALLEST
 24.              	
 25.              	.EQU @,030
 26.  01E 04204E  STORESMALLEST:	STA SMALLEST
 27.  01F 402006  	JMP TOINDEXCHECK

                     SYMBOL TABLE CONTENTS

000001 = BEGIN           000004 = COMPSMALLEST    00000A = END             
00004F = LARGEST         00004E = SMALLEST        000014 = STORELARGEST    
00001E = STORESMALLEST   000006 = TOINDEXCHECK    